[  1%] Building CXX object _deps/googletest-build/googletest/CMakeFiles/gtest.dir/src/gtest-all.cc.o
[  1%] Linking CXX static library ../../../lib/libgtest.a
[  1%] Built target gtest
[  1%] Building CXX object _deps/googletest-build/googlemock/CMakeFiles/gmock.dir/src/gmock-all.cc.o
[  2%] Linking CXX static library ../../../lib/libgmock.a
[  2%] Built target gmock
[  2%] Building CXX object _deps/googletest-build/googlemock/CMakeFiles/gmock_main.dir/src/gmock_main.cc.o
[  3%] Linking CXX static library ../../../lib/libgmock_main.a
[  3%] Built target gmock_main
[  4%] Building CXX object _deps/googletest-build/googletest/CMakeFiles/gtest_main.dir/src/gtest_main.cc.o
[  5%] Linking CXX static library ../../../lib/libgtest_main.a
[  5%] Built target gtest_main
[  6%] Building CXX object _deps/ftxui-build/CMakeFiles/screen.dir/src/ftxui/screen/box.cpp.o
[  6%] Building CXX object _deps/ftxui-build/CMakeFiles/screen.dir/src/ftxui/screen/color.cpp.o
[  7%] Building CXX object _deps/ftxui-build/CMakeFiles/screen.dir/src/ftxui/screen/color_info.cpp.o
[  8%] Building CXX object _deps/ftxui-build/CMakeFiles/screen.dir/src/ftxui/screen/screen.cpp.o
[  8%] Building CXX object _deps/ftxui-build/CMakeFiles/screen.dir/src/ftxui/screen/string.cpp.o
[  9%] Building CXX object _deps/ftxui-build/CMakeFiles/screen.dir/src/ftxui/screen/terminal.cpp.o
[ 10%] Linking CXX static library libftxui-screen.a
[ 10%] Built target screen
[ 11%] Building CXX object _deps/ftxui-build/CMakeFiles/dom.dir/src/ftxui/dom/automerge.cpp.o
[ 12%] Building CXX object _deps/ftxui-build/CMakeFiles/dom.dir/src/ftxui/dom/blink.cpp.o
[ 12%] Building CXX object _deps/ftxui-build/CMakeFiles/dom.dir/src/ftxui/dom/bold.cpp.o
[ 13%] Building CXX object _deps/ftxui-build/CMakeFiles/dom.dir/src/ftxui/dom/hyperlink.cpp.o
[ 13%] Building CXX object _deps/ftxui-build/CMakeFiles/dom.dir/src/ftxui/dom/border.cpp.o
[ 14%] Building CXX object _deps/ftxui-build/CMakeFiles/dom.dir/src/ftxui/dom/box_helper.cpp.o
[ 15%] Building CXX object _deps/ftxui-build/CMakeFiles/dom.dir/src/ftxui/dom/canvas.cpp.o
[ 15%] Building CXX object _deps/ftxui-build/CMakeFiles/dom.dir/src/ftxui/dom/clear_under.cpp.o
[ 16%] Building CXX object _deps/ftxui-build/CMakeFiles/dom.dir/src/ftxui/dom/color.cpp.o
[ 17%] Building CXX object _deps/ftxui-build/CMakeFiles/dom.dir/src/ftxui/dom/composite_decorator.cpp.o
[ 17%] Building CXX object _deps/ftxui-build/CMakeFiles/dom.dir/src/ftxui/dom/dbox.cpp.o
[ 18%] Building CXX object _deps/ftxui-build/CMakeFiles/dom.dir/src/ftxui/dom/dim.cpp.o
[ 19%] Building CXX object _deps/ftxui-build/CMakeFiles/dom.dir/src/ftxui/dom/flex.cpp.o
[ 19%] Building CXX object _deps/ftxui-build/CMakeFiles/dom.dir/src/ftxui/dom/flexbox.cpp.o
[ 20%] Building CXX object _deps/ftxui-build/CMakeFiles/dom.dir/src/ftxui/dom/flexbox_config.cpp.o
[ 20%] Building CXX object _deps/ftxui-build/CMakeFiles/dom.dir/src/ftxui/dom/flexbox_helper.cpp.o
[ 21%] Building CXX object _deps/ftxui-build/CMakeFiles/dom.dir/src/ftxui/dom/focus.cpp.o
[ 22%] Building CXX object _deps/ftxui-build/CMakeFiles/dom.dir/src/ftxui/dom/frame.cpp.o
[ 22%] Building CXX object _deps/ftxui-build/CMakeFiles/dom.dir/src/ftxui/dom/gauge.cpp.o
[ 23%] Building CXX object _deps/ftxui-build/CMakeFiles/dom.dir/src/ftxui/dom/graph.cpp.o
[ 24%] Building CXX object _deps/ftxui-build/CMakeFiles/dom.dir/src/ftxui/dom/gridbox.cpp.o
[ 24%] Building CXX object _deps/ftxui-build/CMakeFiles/dom.dir/src/ftxui/dom/hbox.cpp.o
[ 25%] Building CXX object _deps/ftxui-build/CMakeFiles/dom.dir/src/ftxui/dom/inverted.cpp.o
[ 26%] Building CXX object _deps/ftxui-build/CMakeFiles/dom.dir/src/ftxui/dom/linear_gradient.cpp.o
[ 26%] Building CXX object _deps/ftxui-build/CMakeFiles/dom.dir/src/ftxui/dom/node.cpp.o
[ 27%] Building CXX object _deps/ftxui-build/CMakeFiles/dom.dir/src/ftxui/dom/node_decorator.cpp.o
[ 27%] Building CXX object _deps/ftxui-build/CMakeFiles/dom.dir/src/ftxui/dom/paragraph.cpp.o
[ 28%] Building CXX object _deps/ftxui-build/CMakeFiles/dom.dir/src/ftxui/dom/reflect.cpp.o
[ 29%] Building CXX object _deps/ftxui-build/CMakeFiles/dom.dir/src/ftxui/dom/scroll_indicator.cpp.o
[ 29%] Building CXX object _deps/ftxui-build/CMakeFiles/dom.dir/src/ftxui/dom/separator.cpp.o
[ 30%] Building CXX object _deps/ftxui-build/CMakeFiles/dom.dir/src/ftxui/dom/size.cpp.o
[ 31%] Building CXX object _deps/ftxui-build/CMakeFiles/dom.dir/src/ftxui/dom/spinner.cpp.o
[ 31%] Building CXX object _deps/ftxui-build/CMakeFiles/dom.dir/src/ftxui/dom/strikethrough.cpp.o
[ 32%] Building CXX object _deps/ftxui-build/CMakeFiles/dom.dir/src/ftxui/dom/table.cpp.o
[ 32%] Building CXX object _deps/ftxui-build/CMakeFiles/dom.dir/src/ftxui/dom/text.cpp.o
[ 33%] Building CXX object _deps/ftxui-build/CMakeFiles/dom.dir/src/ftxui/dom/underlined.cpp.o
[ 34%] Building CXX object _deps/ftxui-build/CMakeFiles/dom.dir/src/ftxui/dom/underlined_double.cpp.o
[ 34%] Building CXX object _deps/ftxui-build/CMakeFiles/dom.dir/src/ftxui/dom/util.cpp.o
[ 35%] Building CXX object _deps/ftxui-build/CMakeFiles/dom.dir/src/ftxui/dom/vbox.cpp.o
[ 36%] Linking CXX static library libftxui-dom.a
[ 36%] Built target dom
[ 36%] Building CXX object _deps/ftxui-build/CMakeFiles/component.dir/src/ftxui/component/animation.cpp.o
[ 37%] Building CXX object _deps/ftxui-build/CMakeFiles/component.dir/src/ftxui/component/button.cpp.o
[ 37%] Building CXX object _deps/ftxui-build/CMakeFiles/component.dir/src/ftxui/component/catch_event.cpp.o
[ 38%] Building CXX object _deps/ftxui-build/CMakeFiles/component.dir/src/ftxui/component/checkbox.cpp.o
[ 39%] Building CXX object _deps/ftxui-build/CMakeFiles/component.dir/src/ftxui/component/collapsible.cpp.o
[ 39%] Building CXX object _deps/ftxui-build/CMakeFiles/component.dir/src/ftxui/component/component.cpp.o
[ 40%] Building CXX object _deps/ftxui-build/CMakeFiles/component.dir/src/ftxui/component/component_options.cpp.o
[ 41%] Building CXX object _deps/ftxui-build/CMakeFiles/component.dir/src/ftxui/component/container.cpp.o
[ 41%] Building CXX object _deps/ftxui-build/CMakeFiles/component.dir/src/ftxui/component/dropdown.cpp.o
[ 42%] Building CXX object _deps/ftxui-build/CMakeFiles/component.dir/src/ftxui/component/event.cpp.o
[ 42%] Building CXX object _deps/ftxui-build/CMakeFiles/component.dir/src/ftxui/component/hoverable.cpp.o
[ 43%] Building CXX object _deps/ftxui-build/CMakeFiles/component.dir/src/ftxui/component/input.cpp.o
[ 44%] Building CXX object _deps/ftxui-build/CMakeFiles/component.dir/src/ftxui/component/loop.cpp.o
[ 44%] Building CXX object _deps/ftxui-build/CMakeFiles/component.dir/src/ftxui/component/maybe.cpp.o
[ 45%] Building CXX object _deps/ftxui-build/CMakeFiles/component.dir/src/ftxui/component/menu.cpp.o
[ 46%] Building CXX object _deps/ftxui-build/CMakeFiles/component.dir/src/ftxui/component/modal.cpp.o
[ 46%] Building CXX object _deps/ftxui-build/CMakeFiles/component.dir/src/ftxui/component/radiobox.cpp.o
[ 47%] Building CXX object _deps/ftxui-build/CMakeFiles/component.dir/src/ftxui/component/renderer.cpp.o
[ 48%] Building CXX object _deps/ftxui-build/CMakeFiles/component.dir/src/ftxui/component/resizable_split.cpp.o
[ 48%] Building CXX object _deps/ftxui-build/CMakeFiles/component.dir/src/ftxui/component/screen_interactive.cpp.o
[ 49%] Building CXX object _deps/ftxui-build/CMakeFiles/component.dir/src/ftxui/component/slider.cpp.o
[ 49%] Building CXX object _deps/ftxui-build/CMakeFiles/component.dir/src/ftxui/component/terminal_input_parser.cpp.o
[ 50%] Building CXX object _deps/ftxui-build/CMakeFiles/component.dir/src/ftxui/component/util.cpp.o
[ 51%] Building CXX object _deps/ftxui-build/CMakeFiles/component.dir/src/ftxui/component/window.cpp.o
[ 51%] Linking CXX static library libftxui-component.a
[ 51%] Built target component
[ 52%] Building CXX object packages/shared/CMakeFiles/firmius_shared.dir/src/Serialization.cpp.o
/home/nunya/Projects/Firmius/packages/shared/src/Serialization.cpp: In function ‘firmius::shared::EngineEvent firmius::shared::engineEventFromJson(const rapidjson::Value&)’:
/home/nunya/Projects/Firmius/packages/shared/src/Serialization.cpp:624:167: error: missing initializer for member ‘firmius::shared::AgentSpawned::friendlyName’ [-Werror=missing-field-initializers]
  624 |     if (type == "AgentSpawned") return AgentSpawned{ v["agentId"].GetString(), v["personaName"].GetString(), v.HasMember("parentId") ? v["parentId"].GetString() : "" };
      |                                                                                                                                                                       ^
/home/nunya/Projects/Firmius/packages/shared/src/Serialization.cpp:624:167: error: missing initializer for member ‘firmius::shared::AgentSpawned::title’ [-Werror=missing-field-initializers]
cc1plus: all warnings being treated as errors
make[2]: *** [packages/shared/CMakeFiles/firmius_shared.dir/build.make:79: packages/shared/CMakeFiles/firmius_shared.dir/src/Serialization.cpp.o] Error 1
make[1]: *** [CMakeFiles/Makefile2:778: packages/shared/CMakeFiles/firmius_shared.dir/all] Error 2
make: *** [Makefile:166: all] Error 2
